encode(x)	16607
encode(sx)	2369
encode(d)	5372
encode(nested)	4927
encode(bn)	159
encode(long string)	7037
encode(string with escapes)	11335
encode_indent(x)	28106
encode_indent(d)	7865
decode(s)	6258
decode(sd)	3533
decode(ss)	1258
decode(floats)	6258
decode(4000 digits)	259
decode(long string)	7037
decode(string with escapes)	7037
indent(s)	11507
indent(sd)	2501
indent(ss)	1937
small: encode(x)	136
small: encode(sx)	26
small: encode(d)	38
small: encode(nested)	48
small: encode(bn)	159
small: encode(long string)	75
small: encode(string with escapes)	119
small: encode_indent(x)	209
small: encode_indent(d)	51
small: decode(s)	70
small: decode(sd)	26
small: decode(ss)	20
small: decode(floats)	70
small: decode(4000 digits)	259
small: decode(long string)	75
small: decode(string with escapes)	75
small: indent(s)	81
small: indent(sd)	21
small: indent(ss)	20
