encode(x)	878477
encode(sx)	120352
encode(d)	654507
encode(nested)	271950
encode(bn)	3817
encode(long string)	325005
encode(string with escapes)	491671
encode_indent(x)	1246532
encode_indent(d)	734369
decode(s)	700009
decode(sd)	355801
decode(ss)	80009
decode(floats)	700016
decode(4000 digits)	4056
decode(long string)	125006
decode(string with escapes)	125006
indent(s)	368055
indent(sd)	79862
indent(ss)	61805
small: encode(x)	7165
small: encode(sx)	1046
small: encode(d)	3647
small: encode(nested)	2400
small: encode(bn)	3817
small: encode(long string)	3255
small: encode(string with escapes)	4921
small: encode_indent(x)	9595
small: encode_indent(d)	4197
small: decode(s)	7009
small: decode(sd)	2384
small: decode(ss)	809
small: decode(floats)	7016
small: decode(4000 digits)	4056
small: decode(long string)	1256
small: decode(string with escapes)	1256
small: indent(s)	2430
small: indent(sd)	550
small: indent(ss)	492
